Collecting confluent-kafka==2.6.1
  Using cached confluent_kafka-2.6.1-cp311-cp311-win_amd64.whl.metadata (52 kB)
Collecting Django==5.1.4
  Using cached Django-5.1.4-py3-none-any.whl.metadata (4.2 kB)
Collecting djangorestframework==3.15.2
  Using cached djangorestframework-3.15.2-py3-none-any.whl.metadata (10 kB)
Collecting PyMySQL==1.1.1
  Using cached PyMySQL-1.1.1-py3-none-any.whl.metadata (4.4 kB)
Collecting pandas==2.2.3
  Using cached pandas-2.2.3-cp311-cp311-win_amd64.whl.metadata (19 kB)
Collecting openpyxl==3.1.5
  Using cached openpyxl-3.1.5-py2.py3-none-any.whl.metadata (2.5 kB)
Collecting python-dotenv==1.0.1
  Using cached python_dotenv-1.0.1-py3-none-any.whl.metadata (23 kB)
Collecting requests==2.32.3
  Using cached requests-2.32.3-py3-none-any.whl.metadata (4.6 kB)
Collecting asgiref<4,>=3.8.1 (from Django==5.1.4)
  Using cached asgiref-3.12.1-py3-none-any.whl.metadata (9.4 kB)
Collecting sqlparse>=0.3.1 (from Django==5.1.4)
  Using cached sqlparse-0.6.0-py3-none-any.whl.metadata (6.0 kB)
Collecting tzdata (from Django==5.1.4)
  Using cached tzdata-2026.4-py2.py3-none-any.whl.metadata (1.4 kB)
Collecting numpy>=1.23.2 (from pandas==2.2.3)
  Using cached numpy-2.4.6-cp311-cp311-win_amd64.whl.metadata (6.6 kB)
Collecting python-dateutil>=2.8.2 (from pandas==2.2.3)
  Using cached python_dateutil-2.9.0.post0-py2.py3-none-any.whl.metadata (8.4 kB)
Collecting pytz>=2020.1 (from pandas==2.2.3)
  Using cached pytz-2026.3.post1-py2.py3-none-any.whl.metadata (22 kB)
Collecting et-xmlfile (from openpyxl==3.1.5)
  Using cached et_xmlfile-2.0.0-py3-none-any.whl.metadata (2.7 kB)
Collecting charset-normalizer<4,>=2 (from requests==2.32.3)
  Using cached charset_normalizer-3.5.1-cp311-cp311-win_amd64.whl.metadata (46 kB)
Collecting idna<4,>=2.5 (from requests==2.32.3)
  Using cached idna-3.19-py3-none-any.whl.metadata (9.2 kB)
Collecting urllib3<3,>=1.21.1 (from requests==2.32.3)
  Using cached urllib3-2.7.0-py3-none-any.whl.metadata (6.9 kB)
Collecting certifi>=2017.4.17 (from requests==2.32.3)
  Using cached certifi-2026.7.22-py3-none-any.whl.metadata (2.5 kB)
Collecting six>=1.5 (from python-dateutil>=2.8.2->pandas==2.2.3)
  Using cached six-1.17.0-py2.py3-none-any.whl.metadata (1.7 kB)
Using cached confluent_kafka-2.6.1-cp311-cp311-win_amd64.whl (3.9 MB)
Using cached Django-5.1.4-py3-none-any.whl (8.3 MB)
Using cached djangorestframework-3.15.2-py3-none-any.whl (1.1 MB)
Using cached PyMySQL-1.1.1-py3-none-any.whl (44 kB)
Using cached pandas-2.2.3-cp311-cp311-win_amd64.whl (11.6 MB)
Using cached openpyxl-3.1.5-py2.py3-none-any.whl (250 kB)
Using cached python_dotenv-1.0.1-py3-none-any.whl (19 kB)
Using cached requests-2.32.3-py3-none-any.whl (64 kB)
Using cached asgiref-3.12.1-py3-none-any.whl (25 kB)
Using cached certifi-2026.7.22-py3-none-any.whl (136 kB)
Using cached charset_normalizer-3.5.1-cp311-cp311-win_amd64.whl (206 kB)
Using cached idna-3.19-py3-none-any.whl (68 kB)
Downloading numpy-2.4.6-cp311-cp311-win_amd64.whl (12.6 MB)
   ---------------------------------------- 12.6/12.6 MB 339.0 kB/s eta 0:00:00
Using cached python_dateutil-2.9.0.post0-py2.py3-none-any.whl (229 kB)
Using cached pytz-2026.3.post1-py2.py3-none-any.whl (508 kB)
Using cached sqlparse-0.6.0-py3-none-any.whl (50 kB)
Using cached tzdata-2026.4-py2.py3-none-any.whl (347 kB)
Using cached urllib3-2.7.0-py3-none-any.whl (131 kB)
Using cached et_xmlfile-2.0.0-py3-none-any.whl (18 kB)
Using cached six-1.17.0-py2.py3-none-any.whl (11 kB)
Installing collected packages: pytz, urllib3, tzdata, sqlparse, six, python-dotenv, PyMySQL, numpy, idna, et-xmlfile, confluent-kafka, charset-normalizer, certifi, asgiref, requests, python-dateutil, openpyxl, Django, pandas, djangorestframework
